[C:/My Web Sites/Okan Yılmaz/backblue.gif]
[C:/My Web Sites/Okan Yılmaz/fade.gif]
[C:/My Web Sites/Okan Yılmaz/index.html]
[C:/My Web Sites/Okan Yılmaz/jponttuset.cat/images/trees.jpg]
[C:/My Web Sites/Okan Yılmaz/jponttuset.cat/assets/css/main.min.css]
[C:/My Web Sites/Okan Yılmaz/jponttuset.cat/assets/academicons.css]
[C:/My Web Sites/Okan Yılmaz/jponttuset.cat/favicon-32x32.png]
[C:/My Web Sites/Okan Yılmaz/jponttuset.cat/favicon-96x96.png]
[C:/My Web Sites/Okan Yılmaz/jponttuset.cat/favicon-16x16.png]
[C:/My Web Sites/Okan Yılmaz/jponttuset.cat/favicon.c.delayed]
[C:/My Web Sites/Okan Yılmaz/jponttuset.cat/images/apple-icon-precomposed.png]
[C:/My Web Sites/Okan Yılmaz/jponttuset.cat/images/jordi.png]
[C:/My Web Sites/Okan Yılmaz/ajax.googleapis.com/ajax/libs/jquery/1.9.1/jquery.min.js]
[C:/My Web Sites/Okan Yılmaz/jponttuset.cat/assets/js/scripts.min.js]
[C:/My Web Sites/Okan Yılmaz/jponttuset.cat/assets/js/vendor/jquery-1.9.1.min.js]
[C:/My Web Sites/Okan Yılmaz/www.google-analytics.com/plugins/ga/inpage_linkid.js]
[C:/My Web Sites/Okan Yılmaz/jponttuset.cat/index.html]
[C:/My Web Sites/Okan Yılmaz/jponttuset.cat/assets/css/main.min.css]
[C:/My Web Sites/Okan Yılmaz/jponttuset.cat/assets/fonts/academiconsd41d.eot]
[C:/My Web Sites/Okan Yılmaz/jponttuset.cat/assets/fonts/academicons2490.woff]
[C:/My Web Sites/Okan Yılmaz/jponttuset.cat/assets/fonts/academicons2490.ttf]
[C:/My Web Sites/Okan Yılmaz/jponttuset.cat/assets/academicons.css]
[C:/My Web Sites/Okan Yılmaz/jponttuset.cat/assets/js/vendor/modernizr-2.7.1.custom.min.js]
[C:/My Web Sites/Okan Yılmaz/jponttuset.cat/favicon.html]
[C:/My Web Sites/Okan Yılmaz/jponttuset.cat/assets/fonts/academicons2490.eot]
[C:/My Web Sites/Okan Yılmaz/jponttuset.cat/assets/fonts/academicons2490.svg]
[C:/My Web Sites/Okan Yılmaz/jponttuset.cat/assets/fonts/academicons2490.svg]
